This is pdfTeX, Version 3.141592653-2.6-1.40.27 (TeX Live 2025/Homebrew) (preloaded format=pdflatex 2025.3.15)  23 SEP 2026 09:54
entering extended mode
 restricted \write18 enabled.
 file:line:error style messages enabled.
 %&-line parsing enabled.
**/Users/william/Documents/projects/case_for_temperature/supplement.tex
(/Users/william/Documents/projects/case_for_temperature/supplement.tex
LaTeX2e <2024-11-01> patch level 2
L3 programming layer <2025-01-18>
(./agutexSI2019.cls


 AGUTeX Journal Style, American Geophysical Union 
 This version is dated January 14, 2019


Document Class: agutexSI2019 01/14/2019
\c@chapter=\count196
\c@section=\count197
\c@subsection=\count198
\c@subsubsection=\count199
\c@figure=\count266
\c@table=\count267
\mathindent=\dimen141
\abovefigcaptionskip=\skip49
\abovetabcaptionskip=\skip50
\abovetableskip=\skip51
\belowtabcaptionskip=\dimen142
\landscapebox=\box52
\c@plate=\count268
\savecurrtable=\box53
\abovetabularskip=\skip52
\belowtabularskip=\skip53
\timing=\count269
\hourcount=\count270
\oldtime=\count271
\totpages=\count272
\belowtitleskip=\dimen143
\abovesubtitleskip=\dimen144
\belowsubtitleskip=\dimen145
\aboveauthorskip=\dimen146
\belowauthorskip=\dimen147
\thanksnum=\count273
\dothanks=\count274
\thankscounter=\count275
\titlethanksnum=\count276
\dotitlethanks=\count277
\titlethankscounter=\count278
\thanksnum=\count279
\dothanks=\count280
\thankscounter=\count281
\authorwidth=\dimen148
\authorbaselineskip=\dimen149
\aboveaffilskip=\dimen150
\belowaffilskip=\dimen151
\affilwidth=\dimen152
\aboveabstractskip=\dimen153
\belowabstractskip=\dimen154
\belowabstractnameskip=\dimen155
\abstractmargin=\dimen156
\abovereceivedskip=\skip54
\aboverevisedskip=\skip55
\aboveacceptedskip=\skip56
\abovepublishededskip=\skip57
\barticle=\box54
\thanksbox=\box55
\titlethanksbox=\box56
\c@appendnum=\count282
\footnum=\count283
\savefootnum=\count284
\ackskip=\skip58
\saveparskip=\dimen157
\captionskip=\dimen158
\PushOneColTopFig=\dimen159
\PushOneColBotFig=\dimen160
\PushOneColTopTab=\dimen161
\PushOneColBotTab=\dimen162
\PushTwoColTopFig=\dimen163
\PushTwoColBotFig=\dimen164
\PushTwoColTopTab=\dimen165
\PushTwoColBotTab=\dimen166
\intextfloatskip=\skip59
\c@appfigure=\count285
\c@apptable=\count286
\c@appplate=\count287
\checkforspace=\dimen167
\savetopinsert=\box57
\savebotinsert=\box58
\secondsavetopinsert=\box59
\secondsavebotinsert=\box60
\firstcolbox=\box61
\secondcolbox=\box62
\thefirstbox=\box63
\thesecondbox=\box64
\firstcol=\dimen168
\secondcol=\dimen169
\checkheight=\dimen170
\loopnum=\count288
\firstcolsavefignum=\count289
\footnotebox=\box65
\ColUsed=\dimen171
\FigSpace=\dimen172
\testdblbotins=\box66
\pageloopnum=\count290
\endcolsavetopinsert=\box67
\endcolsavebotinsert=\box68
\testpagesize=\box69
\savelastskip=\dimen173
\partialpage=\box70
\figandtabnumber=\count291
\figandtabbox=\box71
\pagefloatnumber=\count292
\sizeoffloat=\box72
\bogus=\count293
\figinsert=\insert252
\herebox=\box73
\endfigbox=\box74
\spanbox=\box75
\dbltopins=\box76
\dblbotins=\box77
\dblbotskip=\skip60
\dblfigandtabnumber=\count294
\dblfigandtabbox=\box78
\dblloopnum=\count295
\savedblfigandtabnumber=\count296
\dblspanherebox=\box79
\bigpagenum=\count297
\littlepagenum=\count298
\wholepagenum=\count299
\@cprtype=\count300
\@slugcmmntwidth=\dimen174
\affilnum=\count301
\totalaffils=\count302
\figcount=\count303
\saveequation=\count304
\c@currlett=\count305
\notationwidth=\dimen175
\betweennotationskip=\skip61
\WidestEntry=\dimen176
\premulticols=\dimen177
\page@free=\dimen178
\partial@page=\box80
\multicoltolerance=\count306
\doublecol@number=\count307
\multicolbaselineskip=\skip62
\c@collectmore=\count308
\loopcount=\count309
\fixdimen=\dimen179
\c@unbalance=\count310
\savedimen=\dimen180
\savehsize=\dimen181
\mycolumnwidth=\dimen182
\saveparindent=\dimen183
\saveparskip=\dimen184
\abstractwidth=\dimen185
\currlastnumber=\count311
\altaffilbox=\box81
\sectskip=\skip63
\belowsectionskip=\skip64
\subsectskip=\skip65
\belowsubsectskip=\skip66
\subsubsectskip=\skip67
\belowsubsubsectskip=\skip68
\c@subsubsubsection=\count312
\captionwidth=\dimen186
\widecaptionwidth=\dimen187
\landscapecaptionwidth=\dimen188
\@temptokenb=\toks17
(/opt/homebrew/Cellar/texlive/20250308_1/share/texmf-dist/tex/latex/apacite/apacite.sty
Package: apacite 2013/07/21 v6.03 APA citation
\c@BibCnt=\count313
\bibleftmargin=\skip69
\bibindent=\skip70
\bibparsep=\skip71
\bibitemsep=\skip72
\biblabelsep=\skip73
) (/opt/homebrew/Cellar/texlive/20250308_1/share/texmf-dist/tex/latex/url/url.sty
\Urlmuskip=\muskip17
Package: url 2013/09/16  ver 3.4  Verb mode for urls, etc.
)
\beforeendskip=\skip74



 JGRGA style option, October 1, 2001,
 \documentclass[jgrga]{AGUTeX}
 ``Journal of Geophysical Research'', 
 Published by American Geophysical Union


\titlesize=\dimen189
) (/opt/homebrew/Cellar/texlive/20250308_1/share/texmf-dist/tex/latex/graphics/graphicx.sty
Package: graphicx 2021/09/16 v1.2d Enhanced LaTeX Graphics (DPC,SPQR)
 (/opt/homebrew/Cellar/texlive/20250308_1/share/texmf-dist/tex/latex/graphics/keyval.sty
Package: keyval 2022/05/29 v1.15 key=value parser (DPC)
\KV@toks@=\toks18
) (/opt/homebrew/Cellar/texlive/20250308_1/share/texmf-dist/tex/latex/graphics/graphics.sty
Package: graphics 2024/08/06 v1.4g Standard LaTeX Graphics (DPC,SPQR)
 (/opt/homebrew/Cellar/texlive/20250308_1/share/texmf-dist/tex/latex/graphics/trig.sty
Package: trig 2023/12/02 v1.11 sin cos tan (DPC)
) (/opt/homebrew/Cellar/texlive/20250308_1/share/texmf-dist/tex/latex/graphics-cfg/graphics.cfg
File: graphics.cfg 2016/06/04 v1.11 sample graphics configuration
)
Package graphics Info: Driver file: pdftex.def on input line 106.
 (/opt/homebrew/Cellar/texlive/20250308_1/share/texmf-dist/tex/latex/graphics-def/pdftex.def
File: pdftex.def 2024/04/13 v1.2c Graphics/color driver for pdftex
))
\Gin@req@height=\dimen190
\Gin@req@width=\dimen191
) (/opt/homebrew/Cellar/texlive/20250308_1/share/texmf-dist/tex/latex/tools/xr.sty
Package: xr 2024-04-10 v6.00 eXternal References (DPC)
) (/opt/homebrew/Cellar/texlive/20250308_1/share/texmf-dist/tex/latex/tools/xspace.sty
Package: xspace 2014/10/28 v1.13 Space after command names (DPC,MH)
) (/opt/homebrew/Cellar/texlive/20250308_1/share/texmf-dist/tex/latex/amsmath/amsmath.sty
Package: amsmath 2024/11/05 v2.17t AMS math features
\@mathmargin=\skip75

For additional information on amsmath, use the `?' option.
(/opt/homebrew/Cellar/texlive/20250308_1/share/texmf-dist/tex/latex/amsmath/amstext.sty
Package: amstext 2021/08/26 v2.01 AMS text
 (/opt/homebrew/Cellar/texlive/20250308_1/share/texmf-dist/tex/latex/amsmath/amsgen.sty
File: amsgen.sty 1999/11/30 v2.0 generic functions
\@emptytoks=\toks19
\ex@=\dimen192
)) (/opt/homebrew/Cellar/texlive/20250308_1/share/texmf-dist/tex/latex/amsmath/amsbsy.sty
Package: amsbsy 1999/11/29 v1.2d Bold Symbols
\pmbraise@=\dimen193
) (/opt/homebrew/Cellar/texlive/20250308_1/share/texmf-dist/tex/latex/amsmath/amsopn.sty
Package: amsopn 2022/04/08 v2.04 operator names
)
\inf@bad=\count314
LaTeX Info: Redefining \frac on input line 233.
\uproot@=\count315
\leftroot@=\count316
LaTeX Info: Redefining \overline on input line 398.
LaTeX Info: Redefining \colon on input line 409.
\classnum@=\count317
\DOTSCASE@=\count318
LaTeX Info: Redefining \ldots on input line 495.
LaTeX Info: Redefining \dots on input line 498.
LaTeX Info: Redefining \cdots on input line 619.
\Mathstrutbox@=\box82
\strutbox@=\box83
LaTeX Info: Redefining \big on input line 721.
LaTeX Info: Redefining \Big on input line 722.
LaTeX Info: Redefining \bigg on input line 723.
LaTeX Info: Redefining \Bigg on input line 724.
\big@size=\dimen194
LaTeX Font Info:    Redeclaring font encoding OML on input line 742.
LaTeX Font Info:    Redeclaring font encoding OMS on input line 743.
\macc@depth=\count319
LaTeX Info: Redefining \bmod on input line 904.
LaTeX Info: Redefining \pmod on input line 909.
LaTeX Info: Redefining \smash on input line 939.
LaTeX Info: Redefining \relbar on input line 969.
LaTeX Info: Redefining \Relbar on input line 970.
\c@MaxMatrixCols=\count320
\dotsspace@=\muskip18
\c@parentequation=\count321
\dspbrk@lvl=\count322
\tag@help=\toks20
\row@=\count323
\column@=\count324
\maxfields@=\count325
\andhelp@=\toks21
\eqnshift@=\dimen195
\alignsep@=\dimen196
\tagshift@=\dimen197
\tagwidth@=\dimen198
\totwidth@=\dimen199
\lineht@=\dimen256
\@envbody=\toks22
\multlinegap=\skip76
\multlinetaggap=\skip77
\mathdisplay@stack=\toks23
LaTeX Info: Redefining \[ on input line 2953.
LaTeX Info: Redefining \] on input line 2954.
) (/opt/homebrew/Cellar/texlive/20250308_1/share/texmf-dist/tex/latex/amsfonts/amssymb.sty
Package: amssymb 2013/01/14 v3.01 AMS font symbols
 (/opt/homebrew/Cellar/texlive/20250308_1/share/texmf-dist/tex/latex/amsfonts/amsfonts.sty
Package: amsfonts 2013/01/14 v3.01 Basic AMSFonts support
\symAMSa=\mathgroup4
\symAMSb=\mathgroup5
LaTeX Font Info:    Redeclaring math symbol \hbar on input line 98.
LaTeX Font Info:    Overwriting math alphabet `\mathfrak' in version `bold'
(Font)                  U/euf/m/n --> U/euf/b/n on input line 106.
)) (/opt/homebrew/Cellar/texlive/20250308_1/share/texmf-dist/tex/latex/xcolor/xcolor.sty
Package: xcolor 2024/09/29 v3.02 LaTeX color extensions (UK)
 (/opt/homebrew/Cellar/texlive/20250308_1/share/texmf-dist/tex/latex/graphics-cfg/color.cfg
File: color.cfg 2016/01/02 v1.6 sample color configuration
)
Package xcolor Info: Driver file: pdftex.def on input line 274.
 (/opt/homebrew/Cellar/texlive/20250308_1/share/texmf-dist/tex/latex/graphics/mathcolor.ltx)
Package xcolor Info: Model `cmy' substituted by `cmy0' on input line 1349.
Package xcolor Info: Model `hsb' substituted by `rgb' on input line 1353.
Package xcolor Info: Model `RGB' extended on input line 1365.
Package xcolor Info: Model `HTML' substituted by `rgb' on input line 1367.
Package xcolor Info: Model `Hsb' substituted by `hsb' on input line 1368.
Package xcolor Info: Model `tHsb' substituted by `hsb' on input line 1369.
Package xcolor Info: Model `HSB' substituted by `hsb' on input line 1370.
Package xcolor Info: Model `Gray' substituted by `gray' on input line 1371.
Package xcolor Info: Model `wave' substituted by `hsb' on input line 1372.
) (/opt/homebrew/Cellar/texlive/20250308_1/share/texmf-dist/tex/latex/etoolbox/etoolbox.sty
Package: etoolbox 2025/02/11 v2.5l e-TeX tools for LaTeX (JAW)
\etb@tempcnta=\count326
)
Package xr Info: IMPORTING LABELS FROM case_for_temperature.aux on input line 15.
 (/opt/homebrew/Cellar/texlive/20250308_1/share/texmf-dist/tex/latex/l3backend/l3backend-pdftex.def
File: l3backend-pdftex.def 2024-05-08 L3 backend support: PDF output (pdfTeX)
\l__color_backend_stack_int=\count327
\l__pdf_internal_box=\box84
) (./supplement.aux)
\openout1 = `supplement.aux'.

LaTeX Font Info:    Checking defaults for OML/cmm/m/it on input line 81.
LaTeX Font Info:    ... okay on input line 81.
LaTeX Font Info:    Checking defaults for OMS/cmsy/m/n on input line 81.
LaTeX Font Info:    ... okay on input line 81.
LaTeX Font Info:    Checking defaults for OT1/cmr/m/n on input line 81.
LaTeX Font Info:    ... okay on input line 81.
LaTeX Font Info:    Checking defaults for T1/cmr/m/n on input line 81.
LaTeX Font Info:    ... okay on input line 81.
LaTeX Font Info:    Checking defaults for TS1/cmr/m/n on input line 81.
LaTeX Font Info:    ... okay on input line 81.
LaTeX Font Info:    Checking defaults for OMX/cmex/m/n on input line 81.
LaTeX Font Info:    ... okay on input line 81.
LaTeX Font Info:    Checking defaults for U/cmr/m/n on input line 81.
LaTeX Font Info:    ... okay on input line 81.
\c@maskedRefs=\count328
 (/opt/homebrew/Cellar/texlive/20250308_1/share/texmf-dist/tex/latex/apacite/english.apc
File: english.apc 2013/07/21 v6.03 apacite language file
LaTeX Info: Redefining \BPBI on input line 129.
LaTeX Info: Redefining \BHBI on input line 130.
) (/opt/homebrew/Cellar/texlive/20250308_1/share/texmf-dist/tex/context/base/mkii/supp-pdf.mkii
[Loading MPS to PDF converter (version 2006.09.02).]
\scratchcounter=\count329
\scratchdimen=\dimen257
\scratchbox=\box85
\nofMPsegments=\count330
\nofMParguments=\count331
\everyMPshowfont=\toks24
\MPscratchCnt=\count332
\MPscratchDim=\dimen258
\MPnumerator=\count333
\makeMPintoPDFobject=\count334
\everyMPtoPDFconversion=\toks25
) (/opt/homebrew/Cellar/texlive/20250308_1/share/texmf-dist/tex/latex/epstopdf-pkg/epstopdf-base.sty
Package: epstopdf-base 2020-01-24 v2.11 Base part for package epstopdf
Package epstopdf-base Info: Redefining graphics rule for `.eps' on input line 485.
 (/opt/homebrew/Cellar/texlive/20250308_1/share/texmf-dist/tex/latex/latexconfig/epstopdf-sys.cfg
File: epstopdf-sys.cfg 2010/07/13 v1.3 Configuration of (r)epstopdf for TeX Live
))
LaTeX Font Info:    Trying to load font information for U+msa on input line 85.
 (/opt/homebrew/Cellar/texlive/20250308_1/share/texmf-dist/tex/latex/amsfonts/umsa.fd
File: umsa.fd 2013/01/14 v3.01 AMS symbols A
)
LaTeX Font Info:    Trying to load font information for U+msb on input line 85.
 (/opt/homebrew/Cellar/texlive/20250308_1/share/texmf-dist/tex/latex/amsfonts/umsb.fd
File: umsb.fd 2013/01/14 v3.01 AMS symbols B
)
/Users/william/Documents/projects/case_for_temperature/supplement.tex:108: Infinite glue shrinkage found in box being split.
<argument> Infinite shrink error above ignored ! 
                                                 
l.108 
      
The box you are \vsplitting contains some infinitely
shrinkable glue, e.g., `\vss' or `\vskip 0pt minus 1fil'.
Such glue doesn't belong there; but you can safely proceed,
since the offensive shrinkability has been made finite.


[1{/opt/homebrew/Cellar/texlive/20250308_1/share/texmf-dist/fonts/map/pdftex/updmap/pdftex.map}

]
/Users/william/Documents/projects/case_for_temperature/supplement.tex:137: Infinite glue shrinkage found in box being split.
<argument> Infinite shrink error above ignored ! 
                                                 
l.137 \subsection{Forcing data}
                               
The box you are \vsplitting contains some infinitely
shrinkable glue, e.g., `\vss' or `\vskip 0pt minus 1fil'.
Such glue doesn't belong there; but you can safely proceed,
since the offensive shrinkability has been made finite.


[2]
/Users/william/Documents/projects/case_for_temperature/supplement.tex:148: Infinite glue shrinkage found in box being split.
<argument> Infinite shrink error above ignored ! 
                                                 
l.148 \clearpage
                
The box you are \vsplitting contains some infinitely
shrinkable glue, e.g., `\vss' or `\vskip 0pt minus 1fil'.
Such glue doesn't belong there; but you can safely proceed,
since the offensive shrinkability has been made finite.


[3]
/Users/william/Documents/projects/case_for_temperature/supplement.tex:164: Infinite glue shrinkage found in box being split.
<argument> Infinite shrink error above ignored ! 
                                                 
l.164 \clearpage
                
The box you are \vsplitting contains some infinitely
shrinkable glue, e.g., `\vss' or `\vskip 0pt minus 1fil'.
Such glue doesn't belong there; but you can safely proceed,
since the offensive shrinkability has been made finite.


[4

]
/Users/william/Documents/projects/case_for_temperature/supplement.tex:194: Infinite glue shrinkage found in box being split.
<argument> Infinite shrink error above ignored ! 
                                                 
l.194 T
       he second test (Test 2) evaluates the effects of initial snow mass on...
The box you are \vsplitting contains some infinitely
shrinkable glue, e.g., `\vss' or `\vskip 0pt minus 1fil'.
Such glue doesn't belong there; but you can safely proceed,
since the offensive shrinkability has been made finite.


[5

]
/Users/william/Documents/projects/case_for_temperature/supplement.tex:211: Infinite glue shrinkage found in box being split.
<argument> Infinite shrink error above ignored ! 
                                                 
l.211 \clearpage
                
The box you are \vsplitting contains some infinitely
shrinkable glue, e.g., `\vss' or `\vskip 0pt minus 1fil'.
Such glue doesn't belong there; but you can safely proceed,
since the offensive shrinkability has been made finite.


[6]
<images2/supp_sagehen_q.png, id=31, 534.0753pt x 251.0178pt>
File: images2/supp_sagehen_q.png Graphic file (type png)
<use images2/supp_sagehen_q.png>
Package pdftex.def Info: images2/supp_sagehen_q.png  used on input line 224.
(pdftex.def)             Requested size: 534.07399pt x 251.01718pt.

Overfull \hbox (42.07399pt too wide) in paragraph at lines 224--227
 [][] 
 []

<images/sca_combined.png, id=33, 545.8794pt x 375.804pt>
File: images/sca_combined.png Graphic file (type png)
<use images/sca_combined.png>
Package pdftex.def Info: images/sca_combined.png  used on input line 233.
(pdftex.def)             Requested size: 393.6015pt x 270.9686pt.
<images2/supp_fig_SWd_adjust_sza_azm.png, id=34, 348.5823pt x 326.6604pt>
File: images2/supp_fig_SWd_adjust_sza_azm.png Graphic file (type png)
<use images2/supp_fig_SWd_adjust_sza_azm.png>
Package pdftex.def Info: images2/supp_fig_SWd_adjust_sza_azm.png  used on input line 245.
(pdftex.def)             Requested size: 348.58145pt x 326.65959pt.
<images2/supp_snowt_liq_ice_dens.png, id=35, 677.4108pt x 787.2612pt>
File: images2/supp_snowt_liq_ice_dens.png Graphic file (type png)
<use images2/supp_snowt_liq_ice_dens.png>
Package pdftex.def Info: images2/supp_snowt_liq_ice_dens.png  used on input line 255.
(pdftex.def)             Requested size: 492.0pt x 571.77684pt.

LaTeX Warning: Float too large for page by 30.31267pt on input line 258.

<images2/supp_sw_validation.png, id=36, 437.4744pt x 356.532pt>
File: images2/supp_sw_validation.png Graphic file (type png)
<use images2/supp_sw_validation.png>
Package pdftex.def Info: images2/supp_sw_validation.png  used on input line 262.
(pdftex.def)             Requested size: 437.47331pt x 356.53111pt.
<images2/supp_ecor_valid.png, id=37, 390.258pt x 244.9953pt>
File: images2/supp_ecor_valid.png Graphic file (type png)
<use images2/supp_ecor_valid.png>
Package pdftex.def Info: images2/supp_ecor_valid.png  used on input line 272.
(pdftex.def)             Requested size: 390.25703pt x 244.99469pt.
<images2/supp_albedo_validation.png, id=38, 434.8245pt x 307.6293pt>
File: images2/supp_albedo_validation.png Graphic file (type png)
<use images2/supp_albedo_validation.png>
Package pdftex.def Info: images2/supp_albedo_validation.png  used on input line 282.
(pdftex.def)             Requested size: 434.82341pt x 307.62854pt.
<images2/supp_initial_cond_sens_liq_and_CC.png, id=39, 421.8159pt x 300.4023pt>
File: images2/supp_initial_cond_sens_liq_and_CC.png Graphic file (type png)
<use images2/supp_initial_cond_sens_liq_and_CC.png>
Package pdftex.def Info: images2/supp_initial_cond_sens_liq_and_CC.png  used on input line 289.
(pdftex.def)             Requested size: 421.81487pt x 300.40155pt.
<images2/initial_cond_sens.png, id=40, 398.6895pt x 355.0866pt>
File: images2/initial_cond_sens.png Graphic file (type png)
<use images2/initial_cond_sens.png>
Package pdftex.def Info: images2/initial_cond_sens.png  used on input line 296.
(pdftex.def)             Requested size: 398.68852pt x 355.08571pt.

/Users/william/Documents/projects/case_for_temperature/supplement.tex:304: Infinite glue shrinkage found in box being split.
<argument> Infinite shrink error above ignored ! 
                                                 
l.304 \end{document}
                    
The box you are \vsplitting contains some infinitely
shrinkable glue, e.g., `\vss' or `\vskip 0pt minus 1fil'.
Such glue doesn't belong there; but you can safely proceed,
since the offensive shrinkability has been made finite.


[7


 <./images2/supp_sagehen_q.png>]

[8 <./images/sca_combined.png>]

[9 <./images2/supp_fig_SWd_adjust_sza_azm.png>]

[10 <./images2/supp_snowt_liq_ice_dens.png>]

[11 <./images2/supp_sw_validation.png>]

[12 <./images2/supp_ecor_valid.png>]

[13 <./images2/supp_albedo_validation.png>]

[14 <./images2/supp_initial_cond_sens_liq_and_CC.png>]

[15 <./images2/initial_cond_sens.png>] (./supplement.aux)
 ***********
LaTeX2e <2024-11-01> patch level 2
L3 programming layer <2025-01-18>
 ***********
 ) 
Here is how much of TeX's memory you used:
 4993 strings out of 473190
 72554 string characters out of 5704335
 494064 words of memory out of 5000000
 28210 multiletter control sequences out of 15000+600000
 570721 words of font info for 79 fonts, out of 8000000 for 9000
 1141 hyphenation exceptions out of 8191
 62i,9n,65p,972b,349s stack positions out of 10000i,1000n,20000p,200000b,200000s
</opt/homebrew/Cellar/texlive/20250308_1/share/texmf-dist/fonts/type1/public/amsfonts/cm/cmbx12.pfb></opt/homebrew/Cellar/texlive/20250308_1/share/texmf-dist/fonts/type1/public/amsfonts/cm/cmmi12.pfb></opt/homebrew/Cellar/texlive/20250308_1/share/texmf-dist/fonts/type1/public/amsfonts/cm/cmmi8.pfb></opt/homebrew/Cellar/texlive/20250308_1/share/texmf-dist/fonts/type1/public/amsfonts/cm/cmr10.pfb></opt/homebrew/Cellar/texlive/20250308_1/share/texmf-dist/fonts/type1/public/amsfonts/cm/cmr12.pfb></opt/homebrew/Cellar/texlive/20250308_1/share/texmf-dist/fonts/type1/public/amsfonts/cm/cmr6.pfb></opt/homebrew/Cellar/texlive/20250308_1/share/texmf-dist/fonts/type1/public/amsfonts/cm/cmr8.pfb></opt/homebrew/Cellar/texlive/20250308_1/share/texmf-dist/fonts/type1/public/amsfonts/cm/cmsy10.pfb></opt/homebrew/Cellar/texlive/20250308_1/share/texmf-dist/fonts/type1/public/amsfonts/cm/cmsy8.pfb></opt/homebrew/Cellar/texlive/20250308_1/share/texmf-dist/fonts/type1/public/amsfonts/cm/cmtt12.pfb>
Output written on supplement.pdf (15 pages, 2096392 bytes).
PDF statistics:
 122 PDF objects out of 1000 (max. 8388607)
 66 compressed objects within 1 object stream
 0 named destinations out of 1000 (max. 500000)
 46 words of extra memory for PDF output out of 10000 (max. 10000000)

